interface Ethernet0/0/16
#
interface Ethernet0/0/17
#
interface Ethernet0/0/18
#
interface Ethernet0/0/19
#
interface Ethernet0/0/20
#
interface Ethernet0/0/21
#
interface Ethernet0/0/22
#
interface GigabitEthernet0/0/1
#
interface GigabitEthernet0/0/2
#
interface NULL0
#
header shell information "please do not reboot the device!"
header login information "Welcome To This Practical"
#
user-interface con 0
 history-command max-size 20
 idle-timeout 1 30
user-interface vty 0
 user privilege level 2
user-interface vty 1 4
#
return

<DataComm>
<DataComm>
<DataComm>
<DataComm>diplay saved	
<DataComm>diplay saved-configuration
          ^
Error: Unrecognized command found at '^' position.
<DataComm>save
The current configuration will be written to the device.
Are you sure to continue?[Y/N]y
Info: Please input the file name ( *.cfg, *.zip ) [vrpcfg.zip]:
Feb 11 2021 10:25:06+09:51 DataComm %%01CFM/4/SAVE(l)[0]:The user chose Y when d
eciding whether to save the configuration to the device.
Now saving the current configuration to the slot 0.
Save the configuration successfully.
<DataComm>display saved-con	
<DataComm>display saved-configuration 
#
sysname DataComm
#
cluster enable
ntdp enable
ndp enable
#
drop illegal-mac alarm
#
diffserv domain default
#
drop-profile default
#
aaa 
 authentication-scheme default
 authorization-scheme default
 accounting-scheme default
 domain default 
 domain default_admin 
 local-user admin password simple admin
 local-user admin service-type http
#
interface Vlanif1
#
interface MEth0/0/1
#
interface Ethernet0/0/1
#
interface Ethernet0/0/2
#
interface Ethernet0/0/3
#
interface Ethernet0/0/4
#
interface Ethernet0/0/5
#
interface Ethernet0/0/6
#
interface Ethernet0/0/7
#
interface Ethernet0/0/8
#
interface Ethernet0/0/9
#
interface Ethernet0/0/10
#
interface Ethernet0/0/11
#
interface Ethernet0/0/12
#
interface Ethernet0/0/13
#
interface Ethernet0/0/14
#
interface Ethernet0/0/15
#
interface Ethernet0/0/16
#
interface Ethernet0/0/17
#
interface Ethernet0/0/18
#
interface Ethernet0/0/19
#
interface Ethernet0/0/20
#
interface Ethernet0/0/21
#
interface Ethernet0/0/22
#
interface GigabitEthernet0/0/1
#
interface GigabitEthernet0/0/2
#
interface NULL0
#
header shell information "please do not reboot the device!"
header login information "Welcome To This Practical"
#
user-interface con 0
 history-command max-size 20
 idle-timeout 1 30
user-interface vty 0
 user privilege level 2
user-interface vty 1 4
#
return
<DataComm>display startup
MainBoard: 
  Configured startup system software:        NULL
  Startup system software:                   NULL
  Next startup system software:              NULL
  Startup saved-configuration file:          NULL
  Next startup saved-configuration file:     flash:/vrpcfg.zip
  Startup paf file:                          NULL
  Next startup paf file:                     NULL
  Startup license file:                      NULL
  Next startup license file:                 NULL
  Startup patch package:                     NULL
  Next startup patch package:                NULL
<DataComm>
<DataComm>dir
Directory of flash:/

  Idx  Attr     Size(Byte)  Date        Time       FileName 
    0  drw-              -  Aug 06 2015 21:26:42   src
    1  drw-              -  Feb 11 2021 09:37:20   compatible
    2  drw-              -  Feb 11 2021 10:11:57   chombrito
    3  drw-              -  Feb 11 2021 10:12:08   buffalo
    4  -rw-            570  Feb 11 2021 10:16:10   chombrito.zip
    5  -rw-          1,406  Feb 11 2021 10:18:02   chombrito.cfg
    6  -rw-            566  Feb 11 2021 10:18:27   buffalo.zip
    7  -rw-            564  Feb 11 2021 10:25:08   vrpcfg.zip

32,004 KB total (31,944 KB free)

<DataComm>delete flash
Error: File can't be found.
<DataComm>display startup
MainBoard: 
  Configured startup system software:        NULL
  Startup system software:                   NULL
  Next startup system software:              NULL
  Startup saved-configuration file:          NULL
  Next startup saved-configuration file:     flash:/vrpcfg.zip
  Startup paf file:                          NULL
  Next startup paf file:                     NULL
  Startup license file:                      NULL
  Next startup license file:                 NULL
  Startup patch package:                     NULL
  Next startup patch package:                NULL
<DataComm>startup saved-configuration flash:/chombrito.cfg
Info: Succeeded in setting the configuration for booting system.
<DataComm>display startup
MainBoard: 
  Configured startup system software:        NULL
  Startup system software:                   NULL
  Next startup system software:              NULL
  Startup saved-configuration file:          NULL
  Next startup saved-configuration file:     flash:/chombrito.cfg
  Startup paf file:                          NULL
  Next startup paf file:                     NULL
  Startup license file:                      NULL
  Next startup license file:                 NULL
  Startup patch package:                     NULL
  Next startup patch package:                NULL
<DataComm>compare configuration
Info: The current configuration is the same as the next startup configuration fi
le.
<DataComm>startup saved-	
<DataComm>startup saved-configuration flash:/vrpcfg.zip
Info: Succeeded in setting the configuration for booting system.
<DataComm>reset saved-	
<DataComm>reset saved-configuration
Warning: The action will delete the saved configuration in the device.
The configuration will be erased to reconfigure. Continue? [Y/N]:n
<DataComm>
Feb 11 2021 10:31:33+09:51 DataComm %%01CFM/4/RST_CFG(l)[1]:The user chose N whe
n deciding whether to reset the saved configuration.
<DataComm>save
The current configuration will be written to the device.
Are you sure to continue?[Y/N]y
Now saving the current configuration to the slot 0.
Feb 11 2021 10:33:09+09:51 DataComm %%01CFM/4/SAVE(l)[2]:The user chose Y when d
eciding whether to save the configuration to the device.
Save the configuration successfully.
<DataComm> User interface con0 is available



Please Press ENTER.

please do not reboot the device!
<DataComm> User interface con0 is available



Please Press ENTER.
